// Jest Snapshot v1, https://goo.gl/fbAQLP

exports[`Something match snapshot 1`] = `
<p>
  This game was developed using the React and the Redux. There are two middleware-functions: for console.log common App-state after each action and fetching data from webAPI. CombineReducers was used for logical splitting reducer-functions. Lines in LeaderTable were limited by count 55 for the verification period to provide seeing your result. React Router is using at the win-screen. Three components have snapshotTest including one component with connect() and two reducer-functions have test too.
</p>
`;
